<html>
<body>
<pre>
<h1>µVision Build Log</h1>
<h2>Project:</h2>
E:\ARM&VLSI\LPC2148 VERSION 1.6\LPC2148 VERSION 1.6\PROGRAMS\Stepper interface\stepper.uvproj
Project File Date:  03/04/2014

<h2>Output:</h2>
Build target 'Target 1'
assembling Startup.s...
compiling stepper.c...
linking...
Program Size: Code=912 RO-data=16 RW-data=0 ZI-data=1256  
FromELF: creating hex file...
"stepper.axf" - 0 Error(s), 0 Warning(s).
Build target 'Target 1'
assembling Startup.s...
compiling stepper.c...
linking...
Program Size: Code=912 RO-data=16 RW-data=0 ZI-data=1256  
FromELF: creating hex file...
"stepper.axf" - 0 Error(s), 0 Warning(s).
