<html>
<body>
<pre>
<h1>µVision Build Log</h1>
<h2>Project:</h2>
E:\ARM&VLSI\ARM NEW PROGRAMS\9.STEPPERMOTOR\stepper.uvproj
Project File Date:  05/02/2016

<h2>Output:</h2>
Rebuild target 'Target 1'
assembling Startup.s...
compiling stepper.c...
linking...
Program Size: Code=864 RO-data=16 RW-data=0 ZI-data=1256  
FromELF: creating hex file...
".\stepper.axf" - 0 Error(s), 0 Warning(s).
</pre>
</body>
</html>
le with previous "call_reverse" (declared at line 61)
  void call_reverse(void)
stepper.c: 1 warning, 1 error
".\stepper.axf" - 1 Error(s), 1 Warning(s).
Target not created
" - 1 Error(s), 1 Warning(s).
Target not created
\stepper.axf" - 1 Error(s), 1 Warning(s).
Target not created
