<html>
<body>
<pre>
<h1>µVision Build Log</h1>
<h2>Project:</h2>
E:\ARM&VLSI\ARM NEW PROGRAMS\10.TEMPERATURE SENSOR\ADC.uvproj
Project File Date:  02/27/2016

<h2>Output:</h2>
Rebuild target 'Target 1'
assembling Startup.s...
compiling main_ADC_Test.c...
main_ADC_Test.c(30): warning:  #167-D: argument of type "unsigned char *" is incompatible with parameter of type "char *restrict"
            sprintf(buf,"%d",temp);
main_ADC_Test.c: 1 warning, 0 errors
linking...
Program Size: Code=3272 RO-data=32 RW-data=16 ZI-data=1256  
FromELF: creating hex file...
".\ADC.axf" - 0 Error(s), 1 Warning(s).
</pre>
</body>
</html>
ting hex file...
".\ADC.axf" - 0 Error(s), 2 Warning(s).
arning(s).
