<html>
<body>
<pre>
<h1>µVision Build Log</h1>
<h2>Project:</h2>
E:\ARM&VLSI\LPC2148 VERSION 1.6\LPC2148 VERSION 1.6\PROGRAMS\Matrix_7segment\matrix_7seg.uvproj
Project File Date:  03/14/2014

<h2>Output:</h2>
Build target 'Target 1'
assembling Startup.s...
compiling matrix_7seg_driver.c...
compiling main.c...
linking...
Program Size: Code=3340 RO-data=32 RW-data=16 ZI-data=1256  
FromELF: creating hex file...
"matrix_7seg.axf" - 0 Error(s), 0 Warning(s).
Build target 'Target 1'
assembling Startup.s...
compiling matrix_7seg_driver.c...
compiling main.c...
linking...
Program Size: Code=3340 RO-data=32 RW-data=16 ZI-data=1256  
FromELF: creating hex file...
"matrix_7seg.axf" - 0 Error(s), 0 Warning(s).
Build target 'Target 1'
assembling Startup.s...
compiling matrix_7seg_driver.c...
compiling main.c...
linking...
Program Size: Code=3340 RO-data=32 RW-data=16 ZI-data=1256  
FromELF: creating hex file...
"matrix_7seg.axf" - 0 Error(s), 0 Warning(s).
